src/pages/user/CustomersPage.tsx(4,80): error TS6133: 'Bell' is declared but its value is never read.
src/pages/user/InventoryPage.tsx(4,88): error TS6133: 'Bell' is declared but its value is never read.
src/pages/user/ReportsPage.tsx(4,54): error TS6133: 'Bell' is declared but its value is never read.
src/pages/user/SalesPage.tsx(4,51): error TS6133: 'Bell' is declared but its value is never read.
